[smarthr.dreamguystech.com/html/template/index.html]
[backblue.gif]
[fade.gif]
[index.html]
[smarthr.dreamguystech.com/html/template/assets/img/favicon.png]
[smarthr.dreamguystech.com/html/template/assets/css/bootstrap.min.css]
[smarthr.dreamguystech.com/html/template/assets/plugins/fontawesome/css/fontawesome.min.css]
[smarthr.dreamguystech.com/html/template/assets/plugins/fontawesome/css/all.min.css]
[smarthr.dreamguystech.com/html/template/assets/css/line-awesome.min.css]
[smarthr.dreamguystech.com/html/template/assets/css/material.css]
[smarthr.dreamguystech.com/html/template/job-list.html]
[smarthr.dreamguystech.com/html/template/assets/css/style.css]
[smarthr.dreamguystech.com/html/template/admin-dashboard.html]
[smarthr.dreamguystech.com/html/template/assets/img/logo2.png]
[smarthr.dreamguystech.com/html/template/forgot-password.html]
[smarthr.dreamguystech.com/html/template/register.html]
[smarthr.dreamguystech.com/html/template/assets/js/jquery-3.7.0.min.js]
[smarthr.dreamguystech.com/html/template/assets/js/bootstrap.bundle.min.js]
[smarthr.dreamguystech.com/html/template/index.html]
[smarthr.dreamguystech.com/html/template/assets/css/bootstrap.min.css]
[smarthr.dreamguystech.com/html/template/assets/plugins/fontawesome/css/fontawesome.min.css]
[smarthr.dreamguystech.com/html/template/assets/js/app.js]
[smarthr.dreamguystech.com/html/template/assets/plugins/fontawesome/webfonts/fa-brands-400.ttf]
[smarthr.dreamguystech.com/html/template/assets/plugins/fontawesome/webfonts/fa-regular-400.ttf]
[smarthr.dreamguystech.com/html/template/assets/plugins/fontawesome/webfonts/fa-solid-900.ttf]
[smarthr.dreamguystech.com/html/template/assets/plugins/fontawesome/css/all.min.css]
[smarthr.dreamguystech.com/html/template/assets/plugins/fontawesome/webfonts/fa-v4compatibility.ttf]
[smarthr.dreamguystech.com/html/template/assets/fonts/la-brands-400.eot]
[smarthr.dreamguystech.com/html/template/assets/fonts/la-brands-400d41d.eot]
[smarthr.dreamguystech.com/html/template/assets/fonts/la-brands-400.woff]
[smarthr.dreamguystech.com/html/template/assets/fonts/la-brands-400.ttf]
[smarthr.dreamguystech.com/html/template/assets/fonts/la-brands-400.svg]
[smarthr.dreamguystech.com/html/template/assets/fonts/la-regular-400.eot]
[smarthr.dreamguystech.com/html/template/assets/fonts/la-regular-400d41d.eot]
[smarthr.dreamguystech.com/html/template/assets/fonts/la-regular-400.woff]
[smarthr.dreamguystech.com/html/template/assets/fonts/la-regular-400.ttf]
[smarthr.dreamguystech.com/html/template/assets/fonts/la-regular-400.svg]
[smarthr.dreamguystech.com/html/template/assets/fonts/la-solid-900.eot]
[smarthr.dreamguystech.com/html/template/assets/fonts/la-solid-900d41d.eot]
[smarthr.dreamguystech.com/html/template/assets/fonts/la-solid-900.woff]
[smarthr.dreamguystech.com/html/template/assets/fonts/la-solid-900.ttf]
[smarthr.dreamguystech.com/html/template/assets/css/line-awesome.min.css]
[smarthr.dreamguystech.com/html/template/assets/css/material.css]
[smarthr.dreamguystech.com/html/template/assets/fonts/la-solid-900.svg]
[smarthr.dreamguystech.com/html/template/assets/fonts/MaterialIcons-Regular.eot]
[smarthr.dreamguystech.com/html/template/assets/fonts/MaterialIcons-Regular.woff]
[smarthr.dreamguystech.com/html/template/assets/fonts/MaterialIcons-Regular.ttf]
[smarthr.dreamguystech.com/html/template/assets/fonts/CircularStd-Book.woff]
[smarthr.dreamguystech.com/html/template/assets/fonts/CircularStd-BookItalic.woff]
[smarthr.dreamguystech.com/html/template/assets/fonts/CircularStd-Medium.woff]
[smarthr.dreamguystech.com/html/template/assets/fonts/CircularStd-MediumItalic.woff]
[smarthr.dreamguystech.com/html/template/assets/fonts/CircularStd-Bold.woff]
[smarthr.dreamguystech.com/html/template/assets/fonts/CircularStd-BoldItalic.woff]
[smarthr.dreamguystech.com/html/template/assets/fonts/CircularStd-Black.woff]
[smarthr.dreamguystech.com/html/template/assets/css/style.css]
[smarthr.dreamguystech.com/html/template/assets/fonts/CircularStd-BlackItalic.woff]
[smarthr.dreamguystech.com/html/template/assets/css/dataTables.bootstrap4.min.css]
[smarthr.dreamguystech.com/html/template/assets/css/select2.min.css]
[smarthr.dreamguystech.com/html/template/assets/css/bootstrap-datetimepicker.min.css]
[smarthr.dreamguystech.com/html/template/assets/img/logo.png]
[smarthr.dreamguystech.com/html/template/assets/img/flags/us.png]
[smarthr.dreamguystech.com/html/template/assets/img/flags/fr.png]
[smarthr.dreamguystech.com/html/template/assets/img/flags/es.png]
[smarthr.dreamguystech.com/html/template/assets/img/flags/de.png]
[smarthr.dreamguystech.com/html/template/job-view.html]
[smarthr.dreamguystech.com/html/template/assets/js/jquery.slimscroll.min.js]
[smarthr.dreamguystech.com/html/template/assets/js/select2.min.js]
[smarthr.dreamguystech.com/html/template/assets/js/jquery.dataTables.min.js]
[smarthr.dreamguystech.com/html/template/assets/js/dataTables.bootstrap4.min.js]
[smarthr.dreamguystech.com/html/template/assets/js/moment.min.js]
[smarthr.dreamguystech.com/html/template/assets/js/bootstrap-datetimepicker.min.js]
[smarthr.dreamguystech.com/html/template/job-list.html]
[smarthr.dreamguystech.com/html/template/assets/plugins/morris/morris.css]
[smarthr.dreamguystech.com/html/template/activities.html]
[smarthr.dreamguystech.com/html/template/assets/img/profiles/avatar-02.jpg]
[smarthr.dreamguystech.com/html/template/assets/img/profiles/avatar-03.jpg]
[smarthr.dreamguystech.com/html/template/assets/img/profiles/avatar-06.jpg]
[smarthr.dreamguystech.com/html/template/assets/img/profiles/avatar-17.jpg]
[smarthr.dreamguystech.com/html/template/assets/img/profiles/avatar-13.jpg]
[smarthr.dreamguystech.com/html/template/chat.html]
[smarthr.dreamguystech.com/html/template/assets/img/profiles/avatar-09.jpg]
[smarthr.dreamguystech.com/html/template/assets/img/profiles/avatar-05.jpg]
[smarthr.dreamguystech.com/html/template/assets/img/profiles/avatar-08.jpg]
[smarthr.dreamguystech.com/html/template/assets/img/profiles/avatar-21.jpg]
[smarthr.dreamguystech.com/html/template/profile.html]
[smarthr.dreamguystech.com/html/template/settings.html]
[smarthr.dreamguystech.com/html/template/employee-dashboard.html]
[smarthr.dreamguystech.com/html/template/voice-call.html]
[smarthr.dreamguystech.com/html/template/video-call.html]
[smarthr.dreamguystech.com/html/template/outgoing-call.html]
[smarthr.dreamguystech.com/html/template/incoming-call.html]
[smarthr.dreamguystech.com/html/template/events.html]
[smarthr.dreamguystech.com/html/template/contacts.html]
[smarthr.dreamguystech.com/html/template/inbox.html]
[smarthr.dreamguystech.com/html/template/file-manager.html]
[smarthr.dreamguystech.com/html/template/employees.html]
[smarthr.dreamguystech.com/html/template/holidays.html]
[smarthr.dreamguystech.com/html/template/leaves.html]
[smarthr.dreamguystech.com/html/template/leaves-employee.html]
[smarthr.dreamguystech.com/html/template/leave-settings.html]
[smarthr.dreamguystech.com/html/template/attendance.html]
[smarthr.dreamguystech.com/html/template/attendance-employee.html]
[smarthr.dreamguystech.com/html/template/departments.html]
[smarthr.dreamguystech.com/html/template/designations.html]
[smarthr.dreamguystech.com/html/template/timesheet.html]
[smarthr.dreamguystech.com/html/template/shift-scheduling.html]
[smarthr.dreamguystech.com/html/template/overtime.html]
[smarthr.dreamguystech.com/html/template/clients.html]
[smarthr.dreamguystech.com/html/template/projects.html]
[smarthr.dreamguystech.com/html/template/tasks.html]
[smarthr.dreamguystech.com/html/template/task-board.html]
[smarthr.dreamguystech.com/html/template/leads.html]
[smarthr.dreamguystech.com/html/template/tickets.html]
[smarthr.dreamguystech.com/html/template/estimates.html]
[smarthr.dreamguystech.com/html/template/invoices.html]
[smarthr.dreamguystech.com/html/template/payments.html]
[smarthr.dreamguystech.com/html/template/expenses.html]
[smarthr.dreamguystech.com/html/template/provident-fund.html]
[smarthr.dreamguystech.com/html/template/taxes.html]
[smarthr.dreamguystech.com/html/template/categories.html]
[smarthr.dreamguystech.com/html/template/budgets.html]
[smarthr.dreamguystech.com/html/template/budget-expenses.html]
[smarthr.dreamguystech.com/html/template/budget-revenues.html]
[smarthr.dreamguystech.com/html/template/salary.html]
[smarthr.dreamguystech.com/html/template/salary-view.html]
[smarthr.dreamguystech.com/html/template/payroll-items.html]
[smarthr.dreamguystech.com/html/template/policies.html]
[smarthr.dreamguystech.com/html/template/expense-reports.html]
[smarthr.dreamguystech.com/html/template/invoice-reports.html]
[smarthr.dreamguystech.com/html/template/payments-reports.html]
[smarthr.dreamguystech.com/html/template/project-reports.html]
[smarthr.dreamguystech.com/html/template/task-reports.html]
[smarthr.dreamguystech.com/html/template/user-reports.html]
[smarthr.dreamguystech.com/html/template/employee-reports.html]
[smarthr.dreamguystech.com/html/template/payslip-reports.html]
[smarthr.dreamguystech.com/html/template/attendance-reports.html]
[smarthr.dreamguystech.com/html/template/leave-reports.html]
[smarthr.dreamguystech.com/html/template/daily-reports.html]
[smarthr.dreamguystech.com/html/template/performance-indicator.html]
[smarthr.dreamguystech.com/html/template/performance.html]
[smarthr.dreamguystech.com/html/template/performance-appraisal.html]
[smarthr.dreamguystech.com/html/template/goal-tracking.html]
[smarthr.dreamguystech.com/html/template/goal-type.html]
[smarthr.dreamguystech.com/html/template/training.html]
[smarthr.dreamguystech.com/html/template/trainers.html]
[smarthr.dreamguystech.com/html/template/training-type.html]
[smarthr.dreamguystech.com/html/template/promotion.html]
[smarthr.dreamguystech.com/html/template/resignation.html]
[smarthr.dreamguystech.com/html/template/termination.html]
[smarthr.dreamguystech.com/html/template/assets.html]
[smarthr.dreamguystech.com/html/template/user-dashboard.html]
[smarthr.dreamguystech.com/html/template/jobs-dashboard.html]
[smarthr.dreamguystech.com/html/template/jobs.html]
[smarthr.dreamguystech.com/html/template/manage-resumes.html]
[smarthr.dreamguystech.com/html/template/shortlist-candidates.html]
[smarthr.dreamguystech.com/html/template/interview-questions.html]
[smarthr.dreamguystech.com/html/template/offer_approvals.html]
[smarthr.dreamguystech.com/html/template/experiance-level.html]
[smarthr.dreamguystech.com/html/template/candidates.html]
[smarthr.dreamguystech.com/html/template/schedule-timing.html]
[smarthr.dreamguystech.com/html/template/apptitude-result.html]
[smarthr.dreamguystech.com/html/template/knowledgebase.html]
[smarthr.dreamguystech.com/html/template/users.html]
[smarthr.dreamguystech.com/html/template/client-profile.html]
[smarthr.dreamguystech.com/html/template/otp.html]
[smarthr.dreamguystech.com/html/template/lock-screen.html]
[smarthr.dreamguystech.com/html/template/error-404.html]
[smarthr.dreamguystech.com/html/template/error-500.html]
[smarthr.dreamguystech.com/html/template/subscriptions.html]
[smarthr.dreamguystech.com/html/template/subscriptions-company.html]
[smarthr.dreamguystech.com/html/template/subscribed-companies.html]
[smarthr.dreamguystech.com/html/template/search.html]
[smarthr.dreamguystech.com/html/template/faq.html]
[smarthr.dreamguystech.com/html/template/terms.html]
[smarthr.dreamguystech.com/html/template/privacy-policy.html]
[smarthr.dreamguystech.com/html/template/blank-page.html]
[smarthr.dreamguystech.com/html/template/components.html]
[smarthr.dreamguystech.com/html/template/form-basic-inputs.html]
[smarthr.dreamguystech.com/html/template/form-input-groups.html]
[smarthr.dreamguystech.com/html/template/form-horizontal.html]
[smarthr.dreamguystech.com/html/template/form-vertical.html]
[smarthr.dreamguystech.com/html/template/form-mask.html]
[smarthr.dreamguystech.com/html/template/form-validation.html]
[smarthr.dreamguystech.com/html/template/tables-basic.html]
[smarthr.dreamguystech.com/html/template/data-tables.html]
[smarthr.dreamguystech.com/html/template/calender.html]
[smarthr.dreamguystech.com/html/template/job-applicants.html]
[smarthr.dreamguystech.com/html/template/assets/img/user.jpg]
[smarthr.dreamguystech.com/html/template/invoice-view.html]
[smarthr.dreamguystech.com/html/template/assets/img/profiles/avatar-19.jpg]
[smarthr.dreamguystech.com/html/template/assets/img/profiles/avatar-07.jpg]
[smarthr.dreamguystech.com/html/template/assets/img/profiles/avatar-14.jpg]
[smarthr.dreamguystech.com/html/template/project-view.html]
[smarthr.dreamguystech.com/html/template/assets/img/close.png]
[smarthr.dreamguystech.com/html/template/assets/img/vertical.png]
[smarthr.dreamguystech.com/html/template/assets/img/horizontal.png]
[smarthr.dreamguystech.com/html/template/assets/img/two-col.png]
[smarthr.dreamguystech.com/html/template/assets/img/boxed.png]
[smarthr.dreamguystech.com/html/template/assets/img/dark.png]
[smarthr.dreamguystech.com/html/template/assets/img/compact.png]
[smarthr.dreamguystech.com/html/template/assets/img/small-hover.png]
[smarthr.dreamguystech.com/html/template/assets/img/detached.png]
[smarthr.dreamguystech.com/cdn-cgi/scripts/5c5dd728/cloudflare-static/email-decode.min.js]
[smarthr.dreamguystech.com/html/template/assets/plugins/morris/morris.min.js]
[smarthr.dreamguystech.com/html/template/assets/plugins/raphael/raphael.min.js]
[smarthr.dreamguystech.com/html/template/assets/js/chart.js]
[smarthr.dreamguystech.com/html/template/assets/js/greedynav.js]
[smarthr.dreamguystech.com/html/template/assets/js/layout.js]
[smarthr.dreamguystech.com/html/template/admin-dashboard.html]
[smarthr.dreamguystech.com/html/template/forgot-password.html]
[smarthr.dreamguystech.com/html/template/register.html]
[smarthr.dreamguystech.com/html/template/assets/plugins/fontawesome/webfonts/fa-brands-400.html]
[smarthr.dreamguystech.com/html/template/assets/plugins/fontawesome/webfonts/fa-regular-400.html]
[smarthr.dreamguystech.com/html/template/assets/plugins/fontawesome/webfonts/fa-solid-900.html]
[smarthr.dreamguystech.com/html/template/assets/plugins/fontawesome/webfonts/fa-v4compatibility.html]
[smarthr.dreamguystech.com/html/template/assets/fonts/la-brands-400.html]
[smarthr.dreamguystech.com/html/template/assets/js/theme-settings.js]
[smarthr.dreamguystech.com/html/template/assets/fonts/la-brands-400.svg]
[smarthr.dreamguystech.com/html/template/assets/fonts/la-regular-400.html]
[smarthr.dreamguystech.com/html/template/assets/fonts/la-regular-400.svg]
[smarthr.dreamguystech.com/html/template/assets/fonts/la-solid-900.html]
[smarthr.dreamguystech.com/html/template/assets/fonts/la-solid-900.svg]
[smarthr.dreamguystech.com/html/template/assets/fonts/MaterialIcons-Regular.html]
[smarthr.dreamguystech.com/html/template/assets/css/dataTables.bootstrap4.min.css]
[smarthr.dreamguystech.com/html/template/assets/css/select2.min.css]
[smarthr.dreamguystech.com/html/template/assets/css/bootstrap-datetimepicker.min.css]
[smarthr.dreamguystech.com/html/template/job-view.html]
[smarthr.dreamguystech.com/html/template/assets/plugins/morris/morris.css]
[smarthr.dreamguystech.com/html/template/assets/img/profiles/avatar-01.jpg]
[smarthr.dreamguystech.com/html/template/assets/img/profiles/avatar-16.jpg]
[smarthr.dreamguystech.com/html/template/activities.html]
[smarthr.dreamguystech.com/html/template/assets/img/profiles/avatar-10.jpg]
[smarthr.dreamguystech.com/html/template/assets/img/placeholder.jpg]
[smarthr.dreamguystech.com/html/template/assets/img/attachment.png]
[smarthr.dreamguystech.com/html/template/assets/js/dropfiles.js]
[smarthr.dreamguystech.com/html/template/chat.html]
[smarthr.dreamguystech.com/html/template/assets/plugins/bootstrap-tagsinput/bootstrap-tagsinput.css]
[smarthr.dreamguystech.com/html/template/assets-details.html]
[smarthr.dreamguystech.com/html/template/assets/img/laptop.png]
[smarthr.dreamguystech.com/html/template/user-asset-details.html]
[smarthr.dreamguystech.com/html/template/assets/img/icons/eye.svg]
[smarthr.dreamguystech.com/html/template/assets/img/keyboard.png]
[smarthr.dreamguystech.com/html/template/assets/img/mouse.png]
[smarthr.dreamguystech.com/html/template/assets/plugins/bootstrap-tagsinput/bootstrap-tagsinput.min.js]
[smarthr.dreamguystech.com/html/template/profile.html]
[smarthr.dreamguystech.com/html/template/localization.html]
[smarthr.dreamguystech.com/html/template/theme-settings.html]
[smarthr.dreamguystech.com/html/template/roles-permissions.html]
[smarthr.dreamguystech.com/html/template/email-settings.html]
[smarthr.dreamguystech.com/html/template/performance-setting.html]
[smarthr.dreamguystech.com/html/template/approval-setting.html]
[smarthr.dreamguystech.com/html/template/invoice-settings.html]
[smarthr.dreamguystech.com/html/template/salary-settings.html]
[smarthr.dreamguystech.com/html/template/notifications-settings.html]
[smarthr.dreamguystech.com/html/template/change-password.html]
[smarthr.dreamguystech.com/html/template/leave-type.html]
[smarthr.dreamguystech.com/html/template/toxbox-setting.html]
[smarthr.dreamguystech.com/html/template/settings.html]
[smarthr.dreamguystech.com/html/template/cron-setting.html]
[smarthr.dreamguystech.com/html/template/assets/img/profiles/avatar-04.jpg]
[smarthr.dreamguystech.com/html/template/employee-dashboard.html]
[smarthr.dreamguystech.com/html/template/voice-call.html]
[smarthr.dreamguystech.com/html/template/assets/img/video-call.jpg]
[smarthr.dreamguystech.com/html/template/video-call.html]
[smarthr.dreamguystech.com/html/template/outgoing-call.html]
[smarthr.dreamguystech.com/html/template/assets/img/profiles/avatar-11.jpg]
[smarthr.dreamguystech.com/html/template/incoming-call.html]
[smarthr.dreamguystech.com/html/template/assets/css/fullcalendar.min.css]
[smarthr.dreamguystech.com/html/template/assets/js/jquery-ui.min.js]
[smarthr.dreamguystech.com/html/template/assets/js/fullcalendar.min.js]
[smarthr.dreamguystech.com/html/template/assets/js/jquery.fullcalendar.js]
[smarthr.dreamguystech.com/html/template/events.html]
[smarthr.dreamguystech.com/html/template/assets/img/profiles/avatar-12.jpg]
[smarthr.dreamguystech.com/html/template/contacts.html]
[smarthr.dreamguystech.com/html/template/compose.html]
[smarthr.dreamguystech.com/html/template/inbox.html]
[smarthr.dreamguystech.com/html/template/file-manager.html]
[smarthr.dreamguystech.com/html/template/mail-view.html]
[smarthr.dreamguystech.com/html/template/employees.html]
[smarthr.dreamguystech.com/html/template/holidays.html]
[smarthr.dreamguystech.com/html/template/employees-list.html]
[smarthr.dreamguystech.com/html/template/assets/img/profiles/avatar-24.jpg]
[smarthr.dreamguystech.com/html/template/assets/img/profiles/avatar-15.jpg]
[smarthr.dreamguystech.com/html/template/assets/img/profiles/avatar-20.jpg]
[smarthr.dreamguystech.com/html/template/assets/img/profiles/avatar-25.jpg]
[smarthr.dreamguystech.com/html/template/leaves.html]
[smarthr.dreamguystech.com/html/template/leaves-employee.html]
[smarthr.dreamguystech.com/html/template/assets/js/multiselect.min.js]
[smarthr.dreamguystech.com/html/template/leave-settings.html]
[smarthr.dreamguystech.com/html/template/attendance.html]
[smarthr.dreamguystech.com/html/template/attendance-employee.html]
[smarthr.dreamguystech.com/html/template/departments.html]
[smarthr.dreamguystech.com/html/template/designations.html]
[smarthr.dreamguystech.com/html/template/timesheet.html]
[smarthr.dreamguystech.com/html/template/shift-scheduling.html]
[smarthr.dreamguystech.com/html/template/overtime.html]
[smarthr.dreamguystech.com/html/template/shift-list.html]
[smarthr.dreamguystech.com/html/template/clients-list.html]
[smarthr.dreamguystech.com/html/template/assets/img/profiles/avatar-29.jpg]
[smarthr.dreamguystech.com/html/template/assets/img/profiles/avatar-18.jpg]
[smarthr.dreamguystech.com/html/template/assets/img/profiles/avatar-28.jpg]
[smarthr.dreamguystech.com/html/template/clients.html]
[smarthr.dreamguystech.com/html/template/assets/css/ckeditor.css]
[smarthr.dreamguystech.com/html/template/project-list.html]
[smarthr.dreamguystech.com/html/template/projects.html]
[smarthr.dreamguystech.com/html/template/assets/js/ckeditor.js]
[smarthr.dreamguystech.com/html/template/assets/img/profiles/avatar-26.jpg]
[smarthr.dreamguystech.com/html/template/assets/js/task.js]
[smarthr.dreamguystech.com/html/template/tasks.html]
[smarthr.dreamguystech.com/html/template/assets/js/jquery.ui.touch-punch.min.js]
[smarthr.dreamguystech.com/html/template/task-board.html]
[smarthr.dreamguystech.com/html/template/leads.html]
[smarthr.dreamguystech.com/html/template/tickets.html]
[smarthr.dreamguystech.com/html/template/ticket-view.html]
[smarthr.dreamguystech.com/html/template/create-estimate.html]
[smarthr.dreamguystech.com/html/template/estimate-view.html]
[smarthr.dreamguystech.com/html/template/estimates.html]
[smarthr.dreamguystech.com/html/template/edit-estimate.html]
[smarthr.dreamguystech.com/html/template/create-invoice.html]
[smarthr.dreamguystech.com/html/template/invoices.html]
[smarthr.dreamguystech.com/html/template/payments.html]
[smarthr.dreamguystech.com/html/template/expenses.html]
[smarthr.dreamguystech.com/html/template/provident-fund.html]
[smarthr.dreamguystech.com/html/template/taxes.html]
[smarthr.dreamguystech.com/html/template/edit-invoice.html]
[smarthr.dreamguystech.com/html/template/categories.html]
[smarthr.dreamguystech.com/html/template/budgets.html]
[smarthr.dreamguystech.com/html/template/budget-expenses.html]
[smarthr.dreamguystech.com/html/template/budget-revenues.html]
[smarthr.dreamguystech.com/html/template/salary.html]
[smarthr.dreamguystech.com/html/template/salary-view.html]
[smarthr.dreamguystech.com/html/template/payroll-items.html]
[smarthr.dreamguystech.com/html/template/policies.html]
[smarthr.dreamguystech.com/html/template/expense-reports.html]
[smarthr.dreamguystech.com/html/template/invoice-reports.html]
[smarthr.dreamguystech.com/html/template/payments-reports.html]
[smarthr.dreamguystech.com/html/template/project-reports.html]
[smarthr.dreamguystech.com/html/template/task-reports.html]
[smarthr.dreamguystech.com/html/template/user-reports.html]
[smarthr.dreamguystech.com/html/template/employee-reports.html]
[smarthr.dreamguystech.com/html/template/payslip-reports.html]
[smarthr.dreamguystech.com/html/template/attendance-reports.html]
[smarthr.dreamguystech.com/html/template/leave-reports.html]
[smarthr.dreamguystech.com/html/template/daily-reports.html]
[smarthr.dreamguystech.com/html/template/performance-indicator.html]
[smarthr.dreamguystech.com/html/template/performance.html]
[smarthr.dreamguystech.com/html/template/performance-appraisal.html]
[smarthr.dreamguystech.com/html/template/goal-tracking.html]
[smarthr.dreamguystech.com/html/template/goal-type.html]
[smarthr.dreamguystech.com/html/template/training.html]
[smarthr.dreamguystech.com/html/template/trainers.html]
[smarthr.dreamguystech.com/html/template/training-type.html]
[smarthr.dreamguystech.com/html/template/promotion.html]
[smarthr.dreamguystech.com/html/template/resignation.html]
[smarthr.dreamguystech.com/html/template/termination.html]
[smarthr.dreamguystech.com/html/template/sub-category.html]
[smarthr.dreamguystech.com/html/template/assets.html]
[smarthr.dreamguystech.com/html/template/user-all-jobs.html]
[smarthr.dreamguystech.com/html/template/saved-jobs.html]
[smarthr.dreamguystech.com/html/template/applied-jobs.html]
[smarthr.dreamguystech.com/html/template/interviewing.html]
[smarthr.dreamguystech.com/html/template/offered-jobs.html]
[smarthr.dreamguystech.com/html/template/visited-jobs.html]
[smarthr.dreamguystech.com/html/template/archived-jobs.html]
[smarthr.dreamguystech.com/html/template/job-details.html]
[smarthr.dreamguystech.com/html/template/assets/js/Chart.min.js]
[smarthr.dreamguystech.com/html/template/assets/js/line-chart.js]
[smarthr.dreamguystech.com/html/template/user-dashboard.html]
[smarthr.dreamguystech.com/html/template/jobs-dashboard.html]
[smarthr.dreamguystech.com/html/template/jobs.html]
[smarthr.dreamguystech.com/html/template/manage-resumes.html]
[smarthr.dreamguystech.com/html/template/shortlist-candidates.html]
[smarthr.dreamguystech.com/html/template/interview-questions.html]
[smarthr.dreamguystech.com/html/template/offer_approvals.html]
[smarthr.dreamguystech.com/html/template/experiance-level.html]
[smarthr.dreamguystech.com/html/template/candidates.html]
[smarthr.dreamguystech.com/html/template/schedule-timing.html]
[smarthr.dreamguystech.com/html/template/apptitude-result.html]
[smarthr.dreamguystech.com/html/template/knowledgebase.html]
[smarthr.dreamguystech.com/html/template/users.html]
[smarthr.dreamguystech.com/html/template/client-profile.html]
[smarthr.dreamguystech.com/html/template/otp.html]
[smarthr.dreamguystech.com/html/template/lock-screen.html]
[smarthr.dreamguystech.com/html/template/error-404.html]
[smarthr.dreamguystech.com/html/template/error-500.html]
[smarthr.dreamguystech.com/html/template/subscriptions.html]
[smarthr.dreamguystech.com/html/template/subscriptions-company.html]
[smarthr.dreamguystech.com/html/template/subscribed-companies.html]
[smarthr.dreamguystech.com/html/template/search.html]
[smarthr.dreamguystech.com/html/template/faq.html]
[smarthr.dreamguystech.com/html/template/terms.html]
[smarthr.dreamguystech.com/html/template/privacy-policy.html]
[smarthr.dreamguystech.com/html/template/blank-page.html]
[smarthr.dreamguystech.com/html/template/knowledgebase-view.html]
[smarthr.dreamguystech.com/html/template/assets/img/img-01.jpg]
[smarthr.dreamguystech.com/html/template/assets/plugins/sticky-kit-master/dist/sticky-kit.min.js]
[smarthr.dreamguystech.com/html/template/components.html]
[smarthr.dreamguystech.com/html/template/form-basic-inputs.html]
[smarthr.dreamguystech.com/html/template/form-input-groups.html]
[smarthr.dreamguystech.com/html/template/form-horizontal.html]
[smarthr.dreamguystech.com/html/template/form-vertical.html]
[smarthr.dreamguystech.com/html/template/assets/js/jquery.maskedinput.min.js]
[smarthr.dreamguystech.com/html/template/assets/js/mask.js]
[smarthr.dreamguystech.com/html/template/form-mask.html]
[smarthr.dreamguystech.com/html/template/form-validation.html]
[smarthr.dreamguystech.com/html/template/tables-basic.html]
[smarthr.dreamguystech.com/html/template/data-tables.html]
[smarthr.dreamguystech.com/html/template/calender.html]
[smarthr.dreamguystech.com/html/template/job-applicants.html]
[smarthr.dreamguystech.com/html/template/invoice-view.html]
[smarthr.dreamguystech.com/html/template/project-view.html]
[smarthr.dreamguystech.com/html/template/assets/plugins/bootstrap-tagsinput/bootstrap-tagsinput.css]
[smarthr.dreamguystech.com/html/template/assets/plugins/daterangepicker/daterangepicker.css]
[smarthr.dreamguystech.com/html/template/assets/img/img1.jpg]
[smarthr.dreamguystech.com/html/template/assets/img/img2.jpg]
[smarthr.dreamguystech.com/html/template/assets/img/img3.jpg]
[smarthr.dreamguystech.com/html/template/assets/img/img4.jpg]
[smarthr.dreamguystech.com/html/template/assets-details.html]
[smarthr.dreamguystech.com/html/template/assets/img/icons/icon-01.svg]
[smarthr.dreamguystech.com/html/template/assets/img/icons/icon-03.svg]
[smarthr.dreamguystech.com/html/template/assets/img/icons/icon-04.svg]
[smarthr.dreamguystech.com/html/template/assets/img/icons/icon-05.svg]
[smarthr.dreamguystech.com/html/template/user-asset-details.html]
[smarthr.dreamguystech.com/html/template/assets/img/icons/eye.svg]
[smarthr.dreamguystech.com/html/template/localization.html]
[smarthr.dreamguystech.com/html/template/theme-settings.html]
[smarthr.dreamguystech.com/html/template/roles-permissions.html]
[smarthr.dreamguystech.com/html/template/email-settings.html]
[smarthr.dreamguystech.com/html/template/performance-setting.html]
[smarthr.dreamguystech.com/html/template/approval-setting.html]
[smarthr.dreamguystech.com/html/template/assets/img/icons/icon-02.svg]
[smarthr.dreamguystech.com/html/template/assets/img/logo3.png]
[smarthr.dreamguystech.com/html/template/invoice-settings.html]
[smarthr.dreamguystech.com/html/template/salary-settings.html]
[smarthr.dreamguystech.com/html/template/notifications-settings.html]
[smarthr.dreamguystech.com/html/template/change-password.html]
[smarthr.dreamguystech.com/html/template/leave-type.html]
[smarthr.dreamguystech.com/html/template/toxbox-setting.html]
[smarthr.dreamguystech.com/html/template/cron-setting.html]
[smarthr.dreamguystech.com/html/template/assets/css/fullcalendar.min.css]
[smarthr.dreamguystech.com/html/template/compose.html]
[smarthr.dreamguystech.com/html/template/mail-view.html]
[smarthr.dreamguystech.com/html/template/employees-list.html]
[smarthr.dreamguystech.com/html/template/shift-list.html]
[smarthr.dreamguystech.com/html/template/assets/img/profiles/avatar-22.jpg]
[smarthr.dreamguystech.com/html/template/clients-list.html]
[smarthr.dreamguystech.com/html/template/assets/img/github.svg]
[smarthr.dreamguystech.com/html/template/assets/css/ckeditor.css]
[smarthr.dreamguystech.com/html/template/project-list.html]
[smarthr.dreamguystech.com/html/template/ticket-view.html]
[smarthr.dreamguystech.com/html/template/create-estimate.html]
[smarthr.dreamguystech.com/html/template/estimate-view.html]
[smarthr.dreamguystech.com/html/template/edit-estimate.html]
[smarthr.dreamguystech.com/html/template/create-invoice.html]
[smarthr.dreamguystech.com/html/template/edit-invoice.html]
[smarthr.dreamguystech.com/html/template/sub-category.html]
[smarthr.dreamguystech.com/html/template/user-all-jobs.html]
[smarthr.dreamguystech.com/html/template/saved-jobs.html]
[smarthr.dreamguystech.com/html/template/applied-jobs.html]
[smarthr.dreamguystech.com/html/template/interviewing.html]
[smarthr.dreamguystech.com/html/template/offered-jobs.html]
[smarthr.dreamguystech.com/html/template/visited-jobs.html]
[smarthr.dreamguystech.com/html/template/archived-jobs.html]
[smarthr.dreamguystech.com/html/template/job-details.html]
[smarthr.dreamguystech.com/html/template/knowledgebase-view.html]
[smarthr.dreamguystech.com/html/template/assets/plugins/daterangepicker/daterangepicker.css]
[smarthr.dreamguystech.com/html/template/assets/img/icons/icon-01.svg]
[smarthr.dreamguystech.com/html/template/assets/img/icons/icon-03.svg]
[smarthr.dreamguystech.com/html/template/assets/img/icons/icon-04.svg]
[smarthr.dreamguystech.com/html/template/assets/img/icons/icon-05.svg]
[smarthr.dreamguystech.com/html/template/assets/img/icons/icon-02.svg]
[smarthr.dreamguystech.com/html/template/assets/img/github.html]
[smarthr.dreamguystech.com/html/template/job-aptitude.html]
[smarthr.dreamguystech.com/html/template/job-aptitude.html]
[smarthr.dreamguystech.com/html/template/questions.html]
[smarthr.dreamguystech.com/html/template/questions.html]
